[darkmoddervc.github.io/PS4JB/index.html]
[backblue.gif]
[fade.gif]
[index.html]
[darkmoddervc.github.io/PS4JB/ps4.jpg]
[darkmoddervc.github.io/PS4JB/index672.html]
[darkmoddervc.github.io/PS4JB/index702.html]
[darkmoddervc.github.io/PS4JB/index.html]
[darkmoddervc.github.io/PS4JB/75XV2/index.html]
[darkmoddervc.github.io/PS4JB/common/functions.js]
[darkmoddervc.github.io/PS4JB/common/exploit.js]
[darkmoddervc.github.io/PS4JB/jb/jb.js]
[darkmoddervc.github.io/PS4JB/payloads/app2usb.js]
[darkmoddervc.github.io/PS4JB/payloads/backup.js]
[darkmoddervc.github.io/PS4JB/payloads/preloader.js]
[darkmoddervc.github.io/PS4JB/payloads/loader.js]
[darkmoddervc.github.io/PS4JB/jb/oldjb.js]
[darkmoddervc.github.io/PS4JB/payloads/disableupdates.js]
[darkmoddervc.github.io/PS4JB/payloads/dumper.js]
[darkmoddervc.github.io/PS4JB/payloads/enableupdates.js]
[darkmoddervc.github.io/PS4JB/payloads/fanthreshold.js]
[darkmoddervc.github.io/PS4JB/payloads/ftp.js]
[darkmoddervc.github.io/PS4JB/payloads/hen.js]
[darkmoddervc.github.io/PS4JB/payloads/kerneldumper.js]
[darkmoddervc.github.io/PS4JB/payloads/linuxloader.js]
[darkmoddervc.github.io/PS4JB/payloads/mirahen.js]
[darkmoddervc.github.io/PS4JB/payloads/restore.js]
[darkmoddervc.github.io/PS4JB/payloads/ps4debug.js]
[darkmoddervc.github.io/PS4JB/payloads/miraunofficial.js]
[darkmoddervc.github.io/PS4JB/payloads/todex.js]
[darkmoddervc.github.io/PS4JB/payloads/miranohb.js]
[darkmoddervc.github.io/PS4JB/index672.html]
[darkmoddervc.github.io/PS4JB/utils.js]
[darkmoddervc.github.io/PS4JB/payloads/webrte.js]
[darkmoddervc.github.io/PS4JB/int64.js]
[darkmoddervc.github.io/PS4JB/rop.js]
[darkmoddervc.github.io/PS4JB/userland.js]
[darkmoddervc.github.io/PS4JB/index702.html]
[darkmoddervc.github.io/PS4JB/ps4.js]
[darkmoddervc.github.io/PS4JB/75XV2/ps4.jpg]
[darkmoddervc.github.io/PS4JB/payloads.js]
[darkmoddervc.github.io/PS4JB/75XV2/GET]
[darkmoddervc.github.io/PS4JB/75XV2/jb.js]
[darkmoddervc.github.io/PS4JB/75XV2/webkit/utils.js]
[darkmoddervc.github.io/PS4JB/75XV2/webkit/int64.js]
[darkmoddervc.github.io/PS4JB/75XV2/index.html]
[darkmoddervc.github.io/PS4JB/75XV2/webkit/ps4.js]
[darkmoddervc.github.io/PS4JB/75XV2/GET.html]
[darkmoddervc.github.io/PS4JB/75XV2/jb.html]
